D:\a\BaseUICucumber\BaseUICucumber\src\main\java\com\learning\constants\Locators.java
D:\a\BaseUICucumber\BaseUICucumber\src\main\java\com\learning\base\SeleniumBase.java
D:\a\BaseUICucumber\BaseUICucumber\src\main\java\com\learning\pages\HomePage.java
D:\a\BaseUICucumber\BaseUICucumber\src\main\java\com\learning\factory\BrowserDriverFactory.java
D:\a\BaseUICucumber\BaseUICucumber\src\main\java\com\learning\constants\AppConstants.java
D:\a\BaseUICucumber\BaseUICucumber\src\main\java\com\learning\utils\PropertyReaderBase.java
D:\a\BaseUICucumber\BaseUICucumber\src\main\java\com\learning\pages\MyProfilePage.java
D:\a\BaseUICucumber\BaseUICucumber\src\main\java\com\learning\base\Element.java
D:\a\BaseUICucumber\BaseUICucumber\src\main\java\com\learning\factory\ApplicationPageFactory.java
D:\a\BaseUICucumber\BaseUICucumber\src\main\java\com\learning\utils\EnvConfigLoader.java
D:\a\BaseUICucumber\BaseUICucumber\src\main\java\com\learning\runner\TestSuiteCucumberRunner.java
D:\a\BaseUICucumber\BaseUICucumber\src\main\java\com\learning\stepdefinitions\HomeStepDefinitions.java
D:\a\BaseUICucumber\BaseUICucumber\src\main\java\com\learning\pages\LoginPage.java
D:\a\BaseUICucumber\BaseUICucumber\src\main\java\com\learning\constants\Environment.java
D:\a\BaseUICucumber\BaseUICucumber\src\main\java\com\learning\context\TestContextShared.java
D:\a\BaseUICucumber\BaseUICucumber\src\main\java\com\learning\base\Browser.java
D:\a\BaseUICucumber\BaseUICucumber\src\main\java\com\learning\stepdefinitions\Hooks.java
D:\a\BaseUICucumber\BaseUICucumber\src\main\java\com\learning\stepdefinitions\LoginStepDefinitions.java
